// Jest Snapshot v1, https://goo.gl/fbAQLP

exports[`Search Button Test snapshot test 1`] = `
<DocumentFragment>
  <div
    class="MuiBox-root css-0"
  >
    <button
      aria-label="Search Button"
      class="MuiButtonBase-root MuiIconButton-root MuiIconButton-sizeMedium css-78trlr-MuiButtonBase-root-MuiIconButton-root"
      tabindex="0"
      type="button"
    >
      <span
        class="MuiTouchRipple-root css-8je8zh-MuiTouchRipple-root"
      />
    </button>
  </div>
</DocumentFragment>
`;
